Compression of test
Compressed from 2.764 Kilobytes to 0.973 Kilobytes
Compression took 0.018 seconds
The dictionary contains 496 total entries
The table was rehashed 0 times
